[novalysenergie.fr/index.html]
[backblue.gif]
[fade.gif]
[index.html]
[novalysenergie.fr/wp-json/oembed/1.0/embedaf14.json]
[novalysenergie.fr/feed/index.html]
[novalysenergie.fr/wp-json/oembed/1.0/embed081f]
[novalysenergie.fr/wp-content/plugins/beyond-seo/inc/Core/Admin/assets/css/common-stylec5c9.css]
[novalysenergie.fr/comments/feed/index.html]
[novalysenergie.fr/wp-includes/blocks/navigation/style.minb34e.css]
[novalysenergie.fr/wp-includes/blocks/cover/style.minb34e.css]
[novalysenergie.fr/wp-content/plugins/contact-form-7/includes/css/stylesb5e1.css]
[novalysenergie.fr/wp-content/themes/extendable/style4c71.css]
[novalysenergie.fr/wp-content/themes/extendable/assets/css/animations4c71.css]
[novalysenergie.fr/wp-json/wp/v2/pages/299.json]
[novalysenergie.fr/wp-json/index.html]
[novalysenergie.fr/xmlrpc0db0.php]
[novalysenergie.fr/wp-includes/js/dist/script-modules/interactivity/index.min9db3.js]
[novalysenergie.fr/wp-content/themes/extendable/assets/fonts/archivo/archivo_wght.woff2]
[novalysenergie.fr/wp-content/themes/extendable/assets/fonts/arsenal/arsenal-regular.woff2]
[novalysenergie.fr/wp-content/themes/extendable/assets/fonts/arsenal/arsenal-bold.woff2]
[novalysenergie.fr/wp-content/themes/extendable/assets/fonts/baloo-tamma-2/baloo-tamma-2_wght.woff2]
[novalysenergie.fr/wp-content/themes/extendable/assets/fonts/geom/geom-variable.woff2]
[novalysenergie.fr/wp-content/themes/extendable/assets/fonts/gotu/gotu-regular.woff2]
[novalysenergie.fr/wp-content/themes/extendable/assets/fonts/heebo/heebo-variable-wght.woff2]
[novalysenergie.fr/wp-content/themes/extendable/assets/fonts/hind/hind-variable.woff2]
[novalysenergie.fr/wp-content/themes/extendable/assets/fonts/ibm-plex-sans/ibm-plex-sans-thin.woff2]
[novalysenergie.fr/wp-content/themes/extendable/assets/fonts/ibm-plex-sans/ibm-plex-sans-extra-light.woff2]
[novalysenergie.fr/wp-content/themes/extendable/assets/fonts/ibm-plex-sans/ibm-plex-sans-light.woff2]
[novalysenergie.fr/wp-content/themes/extendable/assets/fonts/ibm-plex-sans/ibm-plex-sans-regular.woff2]
[novalysenergie.fr/wp-content/themes/extendable/assets/fonts/ibm-plex-sans/ibm-plex-sans-medium.woff2]
[novalysenergie.fr/wp-content/themes/extendable/assets/fonts/ibm-plex-sans/ibm-plex-sans-semibold.woff2]
[novalysenergie.fr/wp-content/themes/extendable/assets/fonts/ibm-plex-sans/ibm-plex-sans-bold.woff2]
[novalysenergie.fr/wp-content/themes/extendable/assets/fonts/inconsolata/inconsolata-variable.woff2]
[novalysenergie.fr/wp-content/themes/extendable/assets/fonts/inter/inter-variable.woff2]
[novalysenergie.fr/wp-content/themes/extendable/assets/fonts/jost/jost-variable.woff2]
[novalysenergie.fr/wp-content/themes/extendable/assets/fonts/karla/karla.woff2]
[novalysenergie.fr/wp-content/themes/extendable/assets/fonts/koulen/koulen-regular.woff2]
[novalysenergie.fr/wp-content/themes/extendable/assets/fonts/manrope/manrope.woff2]
[novalysenergie.fr/wp-content/themes/extendable/assets/fonts/marcellus/marcellus_wght.woff2]
[novalysenergie.fr/wp-content/themes/extendable/assets/fonts/montserrat/montserrat.woff2]
[novalysenergie.fr/wp-content/themes/extendable/assets/fonts/mulish/mulish.woff2]
[novalysenergie.fr/wp-content/themes/extendable/assets/fonts/noto-serif-display/noto-serif-display.woff2]
[novalysenergie.fr/wp-content/themes/extendable/assets/fonts/oswald/oswald.woff2]
[novalysenergie.fr/wp-content/themes/extendable/assets/fonts/radio-canada/radio-canada.woff2]
[novalysenergie.fr/wp-content/themes/extendable/assets/fonts/roboto-flex/roboto-flex.woff2]
[novalysenergie.fr/wp-content/themes/extendable/assets/fonts/rubik/rubik.woff2]
[novalysenergie.fr/wp-content/themes/extendable/assets/fonts/source-serif-pro/source-serif-pro.woff2]
[novalysenergie.fr/wp-content/themes/extendable/assets/fonts/space-mono/space-mono-regular.woff2]
[novalysenergie.fr/wp-content/themes/extendable/assets/fonts/space-mono/space-mono-bold.woff2]
[novalysenergie.fr/wp-content/uploads/fonts/plus-jakarta-sans-latin-200-normal.woff2]
[novalysenergie.fr/wp-content/uploads/fonts/plus-jakarta-sans-latin-ext-200-normal.woff2]
[novalysenergie.fr/wp-content/uploads/fonts/plus-jakarta-sans-latin-300-normal.woff2]
[novalysenergie.fr/wp-content/uploads/fonts/plus-jakarta-sans-latin-ext-300-normal.woff2]
[novalysenergie.fr/wp-content/uploads/fonts/plus-jakarta-sans-latin-400-normal.woff2]
[novalysenergie.fr/wp-content/uploads/fonts/plus-jakarta-sans-latin-ext-400-normal.woff2]
[novalysenergie.fr/wp-content/uploads/fonts/plus-jakarta-sans-latin-500-normal.woff2]
[novalysenergie.fr/wp-content/uploads/fonts/plus-jakarta-sans-latin-ext-500-normal.woff2]
[novalysenergie.fr/wp-content/uploads/fonts/plus-jakarta-sans-latin-600-normal.woff2]
[novalysenergie.fr/wp-content/uploads/fonts/plus-jakarta-sans-latin-ext-600-normal.woff2]
[novalysenergie.fr/wp-content/uploads/fonts/plus-jakarta-sans-latin-700-normal.woff2]
[novalysenergie.fr/wp-content/uploads/fonts/plus-jakarta-sans-latin-ext-700-normal.woff2]
[novalysenergie.fr/wp-content/uploads/fonts/plus-jakarta-sans-latin-800-normal.woff2]
[novalysenergie.fr/wp-content/uploads/fonts/plus-jakarta-sans-latin-ext-800-normal.woff2]
[novalysenergie.fr/wp-content/uploads/2026/03/cropped-embleme-1-32x32.png]
[novalysenergie.fr/wp-content/uploads/2026/03/cropped-embleme-1-192x192.png]
[novalysenergie.fr/wp-content/uploads/2026/03/cropped-embleme-1-180x180.png]
[novalysenergie.fr/wp-content/uploads/2026/03/LOGO-1.png]
[novalysenergie.fr/wp-content/uploads/2026/03/e4e9eff67929fb6dcdad0757df404f61ab231960.jpg]
[novalysenergie.fr/wp-content/uploads/2026/03/WhatsApp-Image-2026-03-04-at-02.01.26-1024x683.jpg]
[novalysenergie.fr/wp-content/uploads/2026/03/AdobeStock_784786929_Editorial_Use_Only-1024x683.jpg]
[novalysenergie.fr/services/index.html]
[novalysenergie.fr/wp-content/uploads/2026/03/AdobeStock_200376274-1024x683.jpg]
[novalysenergie.fr/wp-content/uploads/2026/03/AdobeStock_302613703-1024x393.jpg]
[novalysenergie.fr/reservation/index.html]
[novalysenergie.fr/wp-includes/js/dist/script-modules/block-library/navigation/view.min8016.js]
[novalysenergie.fr/wp-includes/js/dist/hooks.minaf5f.js]
[novalysenergie.fr/portfolio/index.html]
[novalysenergie.fr/galerie/index.html]
[novalysenergie.fr/wp-includes/js/dist/i18n.min1cde.js]
[novalysenergie.fr/contact-3/index.html]
[novalysenergie.fr/wp-content/plugins/contact-form-7/includes/swv/js/indexb5e1.js]
[novalysenergie.fr/temoignages/index.html]
[novalysenergie.fr/faq/index.html]
[novalysenergie.fr/a-propos/index.html]
[novalysenergie.fr/wp-content/plugins/contact-form-7/includes/js/indexb5e1.js]
[novalysenergie.fr/wp-content/themes/extendable/assets/js/animations-interactivity4c71.js]
[novalysenergie.fr/mentions-legales/index.html]
[novalysenergie.fr/wp-content/themes/extendable/assets/js/navigation-customization.js]
[novalysenergie.fr/index.html]
[novalysenergie.fr/wp-content/plugins/beyond-seo/inc/Core/Admin/assets/css/common-stylec5c9.css]
[novalysenergie.fr/wp-includes/blocks/navigation/style.minb34e.css]
[novalysenergie.fr/wp-includes/blocks/cover/style.minb34e.css]
[novalysenergie.fr/wp-content/plugins/contact-form-7/includes/css/stylesb5e1.css]
[novalysenergie.fr/wp-content/themes/extendable/style4c71.css]
[novalysenergie.fr/wp-content/themes/extendable/assets/css/animations4c71.css]
[novalysenergie.fr/wp-json/oembed/1.0/embed5036.json]
[novalysenergie.fr/wp-json/oembed/1.0/embed9523]
[novalysenergie.fr/wp-json/wp/v2/pages/298.json]
[novalysenergie.fr/wp-content/uploads/2026/03/8fef1eb35c6a7052b528445aa050d732086ccf2e.jpg]
[novalysenergie.fr/wp-content/uploads/2026/03/5bf0daca2a106a830039fbaa7d9fc1e20ebce139.jpg]
[novalysenergie.fr/wp-content/uploads/2026/03/a7ae09a9a43bfdd9457951a6a22cec290af10a08.jpg]
[novalysenergie.fr/wp-content/uploads/2026/03/885072379229b62109260bf069c6a0b506238361.jpg]
[novalysenergie.fr/services/index.html]
[novalysenergie.fr/wp-json/oembed/1.0/embedc78d.json]
[novalysenergie.fr/wp-json/oembed/1.0/embed01f5]
[novalysenergie.fr/wp-content/themes/extendable/assets/css/contact-form-74c71.css]
[simplybook.me/v2/widget/widget6f3e.js]
[novalysenergie.fr/wp-json/wp/v2/pages/291.json]
[novalysenergie.fr/wp-content/uploads/2026/03/6f3ee8f8b6cd61b3994b62602bc2ead120333300.jpg]
[novalysenergie.fr/reservation/index.html]
[novalysenergie.fr/wp-json/oembed/1.0/embedd658.json]
[novalysenergie.fr/wp-json/oembed/1.0/embedecca]
[novalysenergie.fr/wp-json/wp/v2/pages/296.json]
[novalysenergie.fr/wp-content/uploads/2026/03/2b783ce0fcce64ff67550eff598174e761599f21.jpg]
[novalysenergie.fr/wp-content/uploads/2026/03/c3f22ea92f55272472e3ef7a1ebfef47c202f7f1.jpg]
[novalysenergie.fr/wp-content/uploads/2026/03/97cf7fd5cb68f142fe8c334de8ded793eac3448d.jpg]
[novalysenergie.fr/wp-content/uploads/2026/03/c972b533584bb5f528690a71c4e98cb9d6ac3c0c.jpg]
[novalysenergie.fr/wp-content/uploads/2026/03/afdab9369b3f7f0d7d33df0b3b3b5904f03ce6dc.jpg]
[novalysenergie.fr/wp-content/uploads/2026/03/9e863a71525f4c4b9064e7f990b6010a766cbe26.jpg]
[novalysenergie.fr/portfolio/index.html]
[novalysenergie.fr/wp-json/oembed/1.0/embeded38.json]
[novalysenergie.fr/wp-json/oembed/1.0/embed3a6b]
[novalysenergie.fr/wp-json/wp/v2/pages/295.json]
[novalysenergie.fr/galerie/index.html]
[novalysenergie.fr/wp-json/oembed/1.0/embed97ce.json]
[novalysenergie.fr/wp-json/oembed/1.0/embed2d9c]
[novalysenergie.fr/wp-json/wp/v2/pages/293.json]
[novalysenergie.fr/contact-3/index.html]
[novalysenergie.fr/wp-json/oembed/1.0/embed6e56.json]
[novalysenergie.fr/wp-json/oembed/1.0/embed01de]
[novalysenergie.fr/wp-json/wp/v2/pages/297.json]
[novalysenergie.fr/wp-content/uploads/2026/03/cc2297ed0d976c37cbd460dfe1eedc430439fd68.jpg]
[novalysenergie.fr/wp-content/uploads/2026/03/36a54e0622f55fe74c283ea0fec349967e420444.jpg]
[novalysenergie.fr/wp-content/uploads/2026/03/901675c2bd0cfb3f95991ea925221b6c07564c26.jpg]
[novalysenergie.fr/temoignages/index.html]
[novalysenergie.fr/wp-json/oembed/1.0/embed5c75.json]
[novalysenergie.fr/wp-json/oembed/1.0/embed6cee]
[novalysenergie.fr/wp-json/wp/v2/pages/292.json]
[novalysenergie.fr/faq/index.html]
[novalysenergie.fr/wp-json/oembed/1.0/embeddc8b.json]
[novalysenergie.fr/wp-json/oembed/1.0/embedd59e]
[novalysenergie.fr/wp-json/wp/v2/pages/294.json]
[novalysenergie.fr/a-propos/index.html]
[novalysenergie.fr/wp-json/oembed/1.0/embedc4af.json]
[novalysenergie.fr/wp-json/oembed/1.0/embedfb85]
[novalysenergie.fr/wp-json/wp/v2/pages/302.json]
[novalysenergie.fr/mentions-legales/index.html]
[novalysenergie.fr/indexba86.html]
[novalysenergie.fr/wp-content/themes/extendable/assets/css/contact-form-74c71.css]
[novalysenergie.fr/index820e.html]
[novalysenergie.fr/index3e8e.html]
[novalysenergie.fr/index1422.html]
[novalysenergie.fr/index89a1.html]
[novalysenergie.fr/index07ee.html]
[novalysenergie.fr/index2af5.html]
[novalysenergie.fr/indexe2aa.html]
[novalysenergie.fr/index52e8.html]
